---
source: src/main.rs
expression: terminal.backend()
---
"line 1              "
"line 2              "
"line 3              "
"line 4              "
"                    "
