---
source: src/main.rs
expression: terminal.backend()
---
"hello               "
"world               "
"                    "
"                    "
":q                  "
