---
source: src/main.rs
expression: terminal.backend()
---
"hello               "
"                    "
"                    "
"                    "
"-- VISUAL LINE --   "
