---
source: src/main.rs
expression: terminal.backend()
---
"line 3              "
"line 4              "
"line 5              "
"line 6              "
"                    "
