---
source: src/main.rs
expression: terminal.backend()
---
"line1               "
"| note              "
"line2               "
"                    "
"                    "
