---
source: src/main.rs
assertion_line: 803
expression: terminal.backend()
---
"File Viewer Help    "
"                    "
"Char('v') - Start   "
"visual mode         "
"Char('V') - Start   "
